
<--- Last few GCs --->

[17212:0000021CDCA16000]  1716253 ms: Mark-Compact 2039.4 (2054.0) -> 2031.8 (2058.6) MB, pooled: 0 MB, 1335.04 / 0.00 ms  (average mu = 0.267, current mu = 0.358) allocation failure; scavenge might not succeed
[17212:0000021CDCA16000]  1717836 ms: Mark-Compact 2039.9 (2059.6) -> 2031.8 (2058.6) MB, pooled: 0 MB, 1491.98 / 0.01 ms  (average mu = 0.177, current mu = 0.057) allocation failure; scavenge might not succeed

FATAL ERROR: Ineffective mark-compacts near heap limit Allocation failed - JavaScript heap out of memory
----- Native stack trace -----

 1: 00007FF7945EC36F node::OnFatalError+1343
 2: 00007FF795234D77 v8::Function::NewInstance+423
 3: 00007FF795035467 v8::base::AddressSpaceReservation::AddressSpaceReservation+322071
 4: 00007FF795039174 v8::base::AddressSpaceReservation::AddressSpaceReservation+337700
 5: 00007FF79504810C v8::internal::StrongRootAllocatorBase::deallocate_impl+16604
 6: 00007FF79504794B v8::internal::StrongRootAllocatorBase::deallocate_impl+14619
 7: 00007FF7964CDAED v8::base::UnsignedDivisionByConstant<unsigned __int64>+2791421
 8: 00007FF795032F30 v8::base::AddressSpaceReservation::AddressSpaceReservation+312544
 9: 00007FF79504D7BA X509_STORE_set_cleanup+5098
10: 00007FF795059C56 uv_timer_set_repeat+20694
11: 00007FF794C2CD47 v8::String::Utf8Value::~Utf8Value+143495
12: 0000021C9FE7733A 
